../Drivers/CMSIS/Include/core_cm7.h:2156:34:__NVIC_SystemReset	0	static,ignoring_inline_asm
../Core/Inc/GEN_functions.h:12:6:DMA_Transmission_LCD.part.0	16	static
../Core/Inc/flash.h:35:6:Flash_Write_Config_Parameters	40	static
../Core/Inc/flash.h:45:6:Flash_Read_Config_Parameters	24	static
../Core/Inc/flash.h:51:6:Flash_Write_Config_Parameters_Single	24	static
../Core/Inc/flash.h:56:6:Flash_Write_Config_Parameters_Multiple	24	static
../Core/Inc/flash.h:61:9:Flash_Read_Config_Parameters_Single	32	static
../Core/Inc/flash.h:70:6:Flash_Write_Config_Float	40	static
../Core/Inc/flash.h:80:6:Flash_Read_Config_Float	24	static
../Core/Inc/flash.h:86:6:Flash_Write_Config_Float_Single	24	static
../Core/Inc/flash.h:91:7:Flash_Read_Config_Float_Single	40	static
../Core/Inc/flash.h:100:6:Flash_Write_Job_Name	24	static
../Core/Inc/flash.h:106:6:Flash_Read_Job_Name	24	static
../Core/Inc/flash.h:113:6:Flash_Write_Single_Byte	40	static
../Core/Inc/flash.h:118:9:Flash_Read_Single_Byte	40	static
../Core/Inc/flash.h:125:6:Flash_Write_Buffer	32	static
../Core/Inc/flash.h:130:6:Flash_Read_Buffer	32	static
../Core/Inc/flash.h:138:7:ee24_isConnected	8	static
../Core/Inc/flash.h:146:7:ee24_write	32	static
../Core/Inc/flash.h:158:7:ee24_read	32	static
../Core/Inc/functions.h:208:6:Transmit_EndBytes	0	static
../Core/Inc/functions.h:218:6:Initialize_Config_Parameters	4	static
../Core/Inc/functions.h:231:6:Initialize_Config_Float	4	static
../Core/Inc/functions.h:244:6:Initialize_Job_Name	8	static
../Core/Inc/functions.h:257:6:Check_Job_Name	40	static
../Core/Inc/functions.h:273:7:Check_Config_Para_Limits_Single	4	static
../Core/Inc/functions.h:289:7:Check_Config_Float_Limits_Single	4	static
../Core/Inc/functions.h:304:6:Check_Config_Para_Limits	4	static
../Core/Inc/functions.h:320:6:Check_Config_Float_Limits	4	static
../Core/Inc/functions.h:454:6:Send_String_UART_232	8	static
../Core/Src/main.c:1496:6:StartTCPTask	104	static
../Core/Inc/functions.h:2323:6:Transmit_Brightness_Value_00_3F	32	static
../Core/Inc/functions.h:2340:6:Transmit_Init_Check	32	static
../Core/Inc/functions.h:2397:6:Handle_Line_Idle_Event	24	static
../Core/Inc/functions.h:2353:6:Wait_for_LCD_Init	88	static
../Core/Inc/functions.h:2497:6:update_lcd_buttons_status	12	static
../Core/Inc/functions.h:2682:6:Seperate_Bytes	12	static
../Core/Inc/functions.h:2693:6:Seperate_Bytes_Float	12	static
../Core/Inc/functions.h:2812:6:Gate_Limit_Calculations_Home	8	static
../Core/Inc/functions.h:2763:6:Gate_Limit_Calculations	16	static
../Core/Inc/functions.h:2842:6:Gate_Calculations_Master_Horizontal	12	static
../Core/Inc/functions.h:2856:6:Gate_Calculations_Master_Vertical	12	static
../Core/Inc/functions.h:2869:6:Gate_Calculations_Slave	12	static
../Core/Inc/functions.h:2827:6:Gate_Calculations	8	static
../Core/Inc/functions.h:2707:6:Init_Calc_ARCSS	32	static
../Core/Inc/functions.h:2886:7:Stop_Controlling_if_Error_IsDecreasing	24	static
../Core/Inc/functions.h:2930:6:Avg_Errors_Vertical	8	static
../Core/Inc/functions.h:2991:6:Avg_Errors_Horizontal	8	static
../Core/Inc/functions.h:3052:10:Get_Auto_Averaging_Count_Based_On_Speed_Horz	0	static
../Core/Inc/functions.h:3064:10:Get_Auto_Averaging_Count_Based_On_Speed_Vert	0	static
../Core/Inc/functions.h:3076:6:Calculate_Error_Home	24	static
../Core/Inc/functions.h:3151:6:HAL_GPIO_EXTI_Callback	48	static
../Core/Inc/functions.h:3857:6:Push_Data_DMA_Tx_Buffer	24	static
../Core/Inc/functions.h:336:6:Transmit_Config_Parameters	152	static
../Core/Inc/functions.h:370:6:Transmit_Config_Parameters_Single	24	static
../Core/Inc/functions.h:395:6:Transmit_Config_Float	136	static
../Core/Inc/functions.h:2107:6:Update_Diagnosis_Screen_Values	8	static
../Core/Inc/functions.h:428:6:Transmit_Config_Float_Single	32	static
../Core/Inc/functions.h:2669:6:Transmit_Page_ID	16	static
../Core/Inc/functions.h:3899:6:Config_LCD_XY_Coordinates	4	static
../Core/Inc/functions.h:3914:6:Seperate_Bytes_Int32	4	static
../Core/Inc/functions.h:3928:6:check_password	56	static
../Core/Inc/functions.h:4007:6:Format_LCD	16	static
../Core/Inc/functions.h:4018:10:Get_Received_Data_Length	4	static
../Core/Inc/functions.h:4050:6:Clear_Timer_Interrupt	4	static
../Core/Inc/functions.h:4066:6:Calculate_Multiplier_mm_to_pixel	4	static
../Core/Inc/functions.h:4077:6:Calculate_Position_Move_Icon_As_Per_Error	4	static
../Core/Inc/functions.h:4119:6:LCD_Draw_Colour_Box	56	static
../Core/Inc/functions.h:4146:6:Calculate_Baseline_ADC3_DMA	4	static
../Core/Inc/BLE.h:753:6:BLE_Response_Request_OTA	32	static
../Core/Inc/BLE.h:795:6:BLE_Seperate_Bytes	12	static
../Core/Inc/BLE.h:806:10:BLE_Combine_Bytes	4	static
../Core/Inc/BLE.h:825:6:BLE_Seperate_Bytes_Float	12	static
../Core/Inc/BLE.h:839:7:BLE_Combine_Bytes_Float	4	static
../Core/Inc/BLE.h:853:6:BLE_Seperate_Bytes_Int32	4	static
../Core/Inc/BLE.h:867:10:BLE_Combine_Bytes_Int32	4	static
../Core/Inc/BLE.h:882:6:Arrange_Display_System_Mode_LCD_Data_Array	24	static
../Core/Inc/BLE.h:981:6:Arrange_Display_System_Mode_BLE_Data_Array	12	static
../Core/Inc/BLE.h:1064:6:BLE_ARC_Graph_Fill_Dummy_Data_at_End	8	static
../Core/Inc/BLE.h:1083:6:BLE_ARC_Graph_Fill_Display_Data	64	static
../Core/Inc/GEN_functions.h:4:6:HAL_UART_TxCpltCallback	0	static
../Core/Inc/GEN_functions.h:12:6:DMA_Transmission_LCD	4	static
../Core/Inc/GEN_functions.h:68:6:Set_Alarm_Status	8	static
../Core/Inc/GEN_functions.h:152:6:Set_Application_Mode	8	static
../Core/Inc/GEN_functions.h:166:6:Set_Colour_Alarm	32	static
../Core/Inc/GEN_functions.h:200:6:Error_Send_String	24	static
../Core/Inc/GEN_functions.h:116:6:Error_Make_and_Send_String	12	static
../Core/Inc/GEN_functions.h:95:6:Manage_Error_String	24	static
../Core/Inc/GEN_functions.h:216:6:Job_Name_Send_String	24	static
../Core/Inc/GEN_functions.h:232:6:File_Name_Send_String	24	static
../Core/Inc/GEN_functions.h:248:6:Transmit_Buzzer_ON	16	static
../Core/Inc/GEN_functions.h:260:6:Transmit_Buzzer_OFF	16	static
../Core/Inc/slave_lcd.h:4:6:BLE_Push_Data_DMA_Tx_Buffer	32	static
../Core/Inc/BLE.h:1030:6:BLE_ARC_Send_Graph_Buffer_DMA	16	static
../Core/Inc/BLE.h:1160:6:BLE_Common_End_Function	24	static
../Core/Inc/BLE.h:28:6:BLE_Response_Request_Station_ID	16	static
../Core/Inc/BLE.h:50:6:BLE_Send_Communication_Check_Frame	32	static
../Core/Inc/BLE.h:86:6:BLE_Send_Error_Response_General	16	static
../Core/Inc/BLE.h:2:6:BLE_Request_Station_ID	12	static
../Core/Inc/BLE.h:725:7:BLE_Request_OTA	16	static
../Core/Inc/BLE.h:141:6:BLE_Response_Read_Config_Registers	216	static
../Core/Inc/BLE.h:109:6:BLE_Read_Config_Registers	12	static
../Core/Inc/BLE.h:182:6:BLE_Send_Error_Response_Write_Coil	32	static
../Core/Inc/BLE.h:311:6:BLE_Response_Write_Single_Coil	32	static
../Core/Inc/BLE.h:337:6:BLE_Send_Error_Response_Write_Int	40	static
../Core/Inc/BLE.h:423:6:BLE_Response_Write_Single_Config_Reg	32	static
../Core/Inc/BLE.h:448:6:BLE_Info_Config_Register_Changed	24	static
../Core/Inc/BLE.h:474:6:BLE_Send_Error_Response_Write_Float	40	static
../Core/Inc/BLE.h:560:6:BLE_Response_Write_Single_Config_Register_Float	32	static
../Core/Inc/BLE.h:585:6:BLE_Info_Config_Register_Float_Changed	24	static
../Core/Inc/functions.h:1359:6:Check_For_LCD_Touch_Command_Float	56	static
../Core/Inc/BLE.h:516:6:BLE_Write_Single_Config_Register_Float	16	static
../Core/Inc/BLE.h:205:6:BLE_Write_Coil_Config_Info_Response	8	static
../Core/Inc/BLE.h:610:6:BLE_Send_Display_Data	160	static
../Core/Inc/BLE.h:1128:6:BLE_ARC_LCD_Display	16	static
../Core/Inc/BLE.h:676:6:BLE_Response_Write_Job_Name	64	static
../Core/Inc/BLE.h:650:6:BLE_Write_Job_Name	12	static
../Core/Inc/BLE.h:1224:6:BLE_Info_Reset_Recreate_Reconnect_EncErr	48	static
../Core/Inc/BLE.h:1184:7:BLE_Connect_Response	32	static
../Core/Inc/slave_lcd.h:49:6:Slave_Handle_Line_Idle_Event	16	static
../Core/Inc/slave_lcd.h:159:10:mmodbus_crc16	4	static
../Core/Inc/Correction.h:65:15:CheckReverse_Correction_Vertical	4	static
../Core/Inc/Correction.h:94:15:CheckReverse_Correction_Horizontal	4	static
../Core/Inc/Correction.h:357:6:Digital_Correction_Vertical	32	static
../Core/Inc/Correction.h:123:6:Do_Correction_Vertical	24	static
../Core/Inc/Correction.h:5:6:Common_Correction_Logic_Vertical	24	static
../Core/Inc/Correction.h:415:6:Digital_Correction_Horizontal	32	static
../Core/Inc/functions.h:460:6:Check_For_LCD_Touch_Command_Touch_Buttons	48	static
../Core/Inc/BLE.h:222:6:BLE_Write_Single_Coil	32	static
../Core/Inc/Correction.h:240:6:Do_Correction_Horizontal	24	static
../Core/Inc/Correction.h:39:6:Common_Correction_Logic_Horizontal	16	static
../Core/Inc/Correction.h:475:6:Stop_Digital_Correction_Vertical	8	static
../Core/Inc/Correction.h:486:6:Stop_Digital_Correction_Horizontal	8	static
../Core/Inc/Correction.h:497:6:Action_LCD_Commands	32	static
../Core/Inc/Correction.h:594:6:Action_LCD_Commands_Home	8	static
../Core/Inc/ARCSS_functions.h:122:6:Clear_Buffer	16	static
../Core/Inc/functions.h:1559:6:Check_For_LCD_Touch_Command_Int	72	static
../Core/Inc/BLE.h:379:6:BLE_Write_Single_Config_Register	16	static
../Core/Inc/functions.h:2126:6:Check_For_LCD_Touch_Command	40	static
../Core/Inc/ARCSS_functions.h:146:6:Fill_lcd_buffer_StartEndBytes	4	static
../Core/Inc/ARCSS_functions.h:174:6:Send_lcd_buffer_DMA	12	static
../Core/Inc/ARCSS_functions.h:183:6:ARC_Graph_Fill_Dummy_Data_at_End	4	static
../Core/Inc/ARCSS_functions.h:215:6:HAL_TIM_OC_DelayElapsedCallback	20	static
../Core/Inc/ARCSS_functions.h:385:6:Transmit_Display_Parameters_Float	12	static
../Core/Inc/ARCSS_functions.h:411:6:Transmit_Display_Parameters_Home_ARCSS	64	static
../Core/Inc/ARCSS_functions.h:442:6:Transmit_Display_Parameters_Graph_ARCSS	104	static
../Core/Inc/ARCSS_functions.h:481:6:Transmit_Display_Parameters_Diagnosis_ARCSS	120	static
../Core/Inc/ARCSS_functions.h:4:6:ARC_LCD_Display.part.0	32	static
../Core/Inc/ARCSS_functions.h:4:6:ARC_LCD_Display	12	static
../Core/Src/main.c:204:9:get_reset_cause	8	static
../Core/Src/main.c:267:6:HAL_ADC_ConvHalfCpltCallback	24	static
../Core/Src/main.c:289:6:HAL_ADC_ConvCpltCallback	24	static
../Core/Src/main.c:1281:29:Error_Handler	0	static,ignoring_inline_asm
../Core/Inc/functions.h:4029:6:ADC_ChangeThreshold	48	static
../Core/Inc/functions.h:3255:6:HAL_TIM_PeriodElapsedCallback	128	static
../Core/Inc/ARCSS_functions.h:253:6:HAL_ADC_LevelOutOfWindowCallback	24	static
../Core/Src/main.c:485:6:SystemClock_Config	128	static
../Core/Src/main.c:544:6:PeriphCommonClock_Config	192	static
../Core/Src/main.c:316:5:main	192	static,ignoring_inline_asm
../Core/Src/main.c:1297:6:Process_TCP_Received_Data	24	static
../Core/Src/main.c:1476:6:Encoder_Init	32	static
../Core/Src/main.c:1888:6:StartARCTask	120	static
