../Core/Src/stm32h7xx_hal_msp.c:64:6:HAL_MspInit	16	static
../Core/Src/stm32h7xx_hal_msp.c:88:6:HAL_ADC_MspInit	56	static
../Core/Src/stm32h7xx_hal_msp.c:161:6:HAL_ADC_MspDeInit	8	static
../Core/Src/stm32h7xx_hal_msp.c:210:6:HAL_DAC_MspInit	40	static
../Core/Src/stm32h7xx_hal_msp.c:244:6:HAL_DAC_MspDeInit	0	static
../Core/Src/stm32h7xx_hal_msp.c:272:6:HAL_I2C_MspInit	224	static
../Core/Src/stm32h7xx_hal_msp.c:319:6:HAL_I2C_MspDeInit	8	static
../Core/Src/stm32h7xx_hal_msp.c:350:6:HAL_TIM_Base_MspInit	32	static
../Core/Src/stm32h7xx_hal_msp.c:422:6:HAL_TIM_OC_MspInit	40	static
../Core/Src/stm32h7xx_hal_msp.c:459:6:HAL_TIM_Base_MspDeInit	0	static
../Core/Src/stm32h7xx_hal_msp.c:534:6:HAL_TIM_OC_MspDeInit	8	static
../Core/Src/stm32h7xx_hal_msp.c:565:6:HAL_UART_MspInit	232	static
../Core/Src/stm32h7xx_hal_msp.c:656:6:HAL_UART_MspDeInit	8	static
